admin@str3-msn4280-02:~$ docker exec -it gnmi gnmi_get -xpath_target SHOW -xpath chassis/modules/midplane-status[dpu=DPU1] -target_addr 127.0.0.1:50051 -logtostderr -insecure true
== getRequest:
prefix: <
  target: "SHOW"
>
path: <
  elem: <
    name: "chassis"
  >
  elem: <
    name: "modules"
  >
  elem: <
    name: "midplane-status"
    key: <
      key: "dpu"
      value: "DPU1"
    >
  >
>
encoding: JSON_IETF

F1121 19:23:00.527536  906454 gnmi_get.go:145] Get failed: rpc error: code = Unavailable desc = connection error: desc = "transport: Error while dialing: dial tcp 127.0.0.1:50051: connect: connection refused"


docker ps -a | grep gnmi
docker ps
docker network ls
docker inspect gnmi
docker port gnmi
netstat -tuln | grep 50051
docker logs gnmi
docker-compose ps
docker ps -a
netstat -tuln | head -20
docker exec -it gnmi ping -c 2 127.0.0.1
docker exec -it gnmi nc -zv 127.0.0.1 50051
docker inspect gnmi | grep -A 20 "NetworkSettings"
admin@str3-msn4280-02:~$ docker exec -it gnmi gnmi_get -help | grep -i tls
        Skip TLS validation.
  -notls
        Disable TLS validation. If true, no need to specify TLS related options.
        The target name use to verify the hostname returned by TLS handshake (default "hostname.com")
admin@str3-msn4280-02:~$ 
admin@str3-msn4280-02:~$ docker exec -it gnmi gnmi_get -help | grep -i plain
admin@str3-msn4280-02:~$ 
admin@str3-msn4280-02:~$ docker exec -it gnmi gnmi_get -help | grep -i secure
  -insecure


admin@str3-msn4280-02:~$ docker exec -it gnmi gnmi_get -xpath_target SHOW -xpath chassis/modules/midplane-status[dpu=DPU1] -target_addr 127.0.0.1:50052 -notls
== getRequest:
prefix: <
  target: "SHOW"
>
path: <
  elem: <
    name: "chassis"
  >
  elem: <
    name: "modules"
  >
  elem: <
    name: "midplane-status"
    key: <
      key: "dpu"
      value: "DPU1"
    >
  >
>
encoding: JSON_IETF

== getResponse:
notification: <
  timestamp: 1763754072765120492
  prefix: <
    target: "SHOW"
  >
  update: <
    path: <
      elem: <
        name: "chassis"
      >
      elem: <
        name: "modules"
      >
      elem: <
        name: "midplane-status"
        key: <
          key: "dpu"
          value: "DPU1"
        >
      >
    >
    val: <
      json_ietf_val: "{\n  \"DPU1\": {\n    \"name\": \"DPU1\",\n    \"ip_address\": \"169.254.200.2\",\n    \"reachability\": \"True\"\n  }\n}"
    >
  >
>


admin@str3-msn4280-02:~$ docker exec -it gnmi gnmi_set -xpath /sonic-db:CONFIG_DB/localhost/CHASSIS_MODULE/DPU1/admin_status -val "up" -update -target_addr 127.0.0.1:50052 -notls
flag provided but not defined: -xpath
Usage of gnmi_set:
  -alsologtostderr
        log to standard error as well as files
  -ca string
        CA certificate file.
  -cert string
        Certificate file.
  -delete value
        xpath to be deleted.
  -insecure
        Skip TLS validation.
  -jwt_token string
        JWT Token if required
  -key string
        Private key file.
  -log_backtrace_at value
        when logging hits line file:N, emit a stack trace
  -log_dir string
        If non-empty, write log files in this directory
  -logtostderr
        log to standard error instead of files
  -notls
        Disable TLS validation. If true, no need to specify TLS related options.
  -password string
        The password matching the provided username.
  -pretty
        Shows PROTOs using Pretty package instead of PROTO Text Marshal
  -replace value
        xpath:value pair to be replaced. Value can be numeric, boolean, string, or IETF JSON file (. starts with '@').
  -stderrthreshold value
        logs at or above this threshold go to stderr
  -target_addr string
        The target address in the format of host:port (default "localhost:10161")
  -target_name string
        The target name use to verify the hostname returned by TLS handshake (default "hostname.com")
  -time_out duration
        Timeout for the Get request, 10 seconds by default (default 10s)
  -update value
        xpath:value pair to be updated. Value can be numeric, boolean, string, or IETF JSON file (. starts with '@').
  -username string
        If specified, uses username/password credentials.
  -v value
        log level for V logs
  -vmodule value
        comma-separated list of pattern=N settings for file-filtered logging
  -xpath_target string
        name of the target for which the path is a member
